
> smart-business-accounts@0.1.0 prebuild
> node scripts/next-lock-recover.js

[next-lock-recover] Running pre-build lock recovery...
[next-lock-recover] Found existing lockfile, attempting to remove: D:\projects\smart-business-accounts\.next\lock
[next-lock-recover] Successfully removed lockfile.
[next-lock-recover] Removed directory: D:\projects\smart-business-accounts\.next\diagnostics

> smart-business-accounts@0.1.0 build
> npx cross-env NODE_OPTIONS=--max-old-space-size=4096 next build --webpack

npm.cmd : npm error code EACCES
At line:2 char:1
+ npm.cmd run build *> build-output.txt
+ ~~~~~~~~~~~~~~~~~~~~~~~~~~~~~~~~~~~~~
    + CategoryInfo          : NotSpecified: (npm error code EACCES:String) [], RemoteException
    + FullyQualifiedErrorId : NativeCommandError
 
npm error errno EACCES
npm error FetchError: request to https://registry.npmjs.org/cross-env failed, reason: 
npm error     at ClientRequest.<anonymous> (C:\Program 
Files\nodejs\node_modules\npm\node_modules\minipass-fetch\lib\index.js:130:14)
npm error     at ClientRequest.emit (node:events:519:28)
npm error     at emitErrorEvent (node:_http_client:105:11)
npm error     at _destroy (node:_http_client:898:9)
npm error     at onSocketNT (node:_http_client:918:5)
npm error     at process.processTicksAndRejections (node:internal/process/task_queues:91:21) {
npm error   code: 'EACCES',
npm error   errno: 'EACCES',
npm error   type: 'system'
npm error }
npm error
npm error The operation was rejected by your operating system.
npm error It's possible that the file was already in use (by a text editor or antivirus),
npm error or that you lack permissions to access it.
npm error
npm error If you believe this might be a permissions issue, please double-check the
npm error permissions of the file and its containing directories, or try running
npm error the command again as root/Administrator.
npm error Log files were not written due to an error writing to the directory: C:\Users\Standard 
Laptop\AppData\Local\npm-cache\_logs
npm error You can rerun the command with `--loglevel=verbose` to see the logs in your terminal
